2025-10-21 07:05:08 - /Armis2/admin_branch/edit_staff.php - Time: 0.0633s - Memory: 0.00MB
2025-10-21 07:05:31 - /Armis2/admin_branch/index.php - Time: 0.0010s - Memory: 0.00MB
2025-10-21 07:05:47 - /Armis2/admin_branch/promote_staff.php - Time: 0.0008s - Memory: 0.00MB
2025-10-21 07:05:55 - /Armis2/admin_branch/promote_staff.php?action_type=promotion - Time: 0.0016s - Memory: 0.00MB
2025-10-21 07:06:03 - /Armis2/admin_branch/promote_staff.php?action_type=promotion&current_rank=25 - Time: 0.0015s - Memory: 0.00MB
2025-10-21 07:07:00 - /Armis2/admin_branch/index.php - Time: 0.0009s - Memory: 0.00MB
2025-10-21 07:07:05 - /Armis2/admin_branch/assign_medal.php - Time: 0.0027s - Memory: 0.00MB
2025-10-21 07:07:43 - /Armis2/admin_branch/index.php - Time: 0.0008s - Memory: 0.00MB
2025-10-21 08:23:06 - /Armis2/admin_branch/index.php - Time: 0.0035s - Memory: 0.00MB
2025-10-21 08:25:24 - /Armis2/admin_branch/edit_staff.php - Time: 0.0063s - Memory: 0.00MB
2025-10-21 08:25:50 - /Armis2/admin_branch/view_staff.php?id=3 - Time: 0.0031s - Memory: 0.00MB
2025-10-21 08:27:17 - /Armis2/admin_branch/promote_staff.php - Time: 0.0013s - Memory: 0.00MB
2025-10-21 08:27:35 - /Armis2/admin_branch/promote_staff.php?action_type=promotion - Time: 0.0012s - Memory: 0.00MB
2025-10-21 08:27:42 - /Armis2/admin_branch/promote_staff.php?action_type=promotion&current_rank=9 - Time: 0.0016s - Memory: 0.00MB
2025-10-21 08:29:37 - /Armis2/admin_branch/promote_staff.php?current_rank=9&action_type=promotion - Time: 0.0009s - Memory: 0.00MB
2025-10-21 08:36:31 - /Armis2/admin_branch/appointments.php - Time: 0.0014s - Memory: 0.00MB
2025-10-21 08:36:50 - /Armis2/admin_branch/appointments.php?current_rank=12 - Time: 0.0013s - Memory: 0.00MB
2025-10-21 08:41:02 - /Armis2/admin_branch/appointments.php?current_rank=12 - Time: 0.0012s - Memory: 0.00MB
2025-10-21 08:58:35 - /Armis2/admin_branch/create_staff.php - Time: 0.1304s - Memory: 0.00MB
2025-10-21 08:58:50 - /Armis2/users/ - Time: 0.0012s - Memory: 0.00MB
2025-10-21 09:01:16 - /Armis2/users/my_cvs.php - Time: 0.0017s - Memory: 0.00MB
2025-10-21 09:05:45 - /Armis2/users/ - Time: 0.0012s - Memory: 0.00MB
2025-10-21 09:06:05 - /Armis2/admin_branch/index.php - Time: 0.0029s - Memory: 0.00MB
2025-10-21 09:33:35 - /Armis2/admin_branch/reports_seniority.php?report_type=officer - Time: 0.0010s - Memory: 0.00MB
2025-10-21 09:33:50 - /Armis2/admin_branch/index.php - Time: 0.0009s - Memory: 0.00MB
2025-10-21 10:58:10 - /Armis2/admin_branch/index.php - Time: 0.3807s - Memory: 0.00MB
2025-10-21 10:58:39 - /Armis2/admin_branch/index.php - Time: 0.0011s - Memory: 0.00MB
2025-10-21 11:57:27 - /Armis2/admin_branch/index.php - Time: 0.0041s - Memory: 0.00MB
2025-10-21 11:57:40 - /Armis2/ - Time: 0.0032s - Memory: 0.00MB
2025-10-21 11:57:43 - /Armis2/admin_branch/index.php - Time: 0.0012s - Memory: 0.00MB
2025-10-21 11:59:21 - /armis2/ - Time: 0.0027s - Memory: 0.00MB
2025-10-21 11:59:42 - /Armis2/admin_branch/index.php - Time: 0.0021s - Memory: 0.00MB
2025-10-21 12:00:11 - /Armis2/admin_branch/index.php - Time: 0.0010s - Memory: 0.00MB
2025-10-21 12:00:21 - /Armis2/admin_branch/ - Time: 0.0009s - Memory: 0.00MB
2025-10-21 12:00:28 - /Armis2/admin_branch/edit_staff.php - Time: 0.0117s - Memory: 0.00MB
2025-10-21 12:00:30 - /Armis2/admin_branch/view_staff.php?id=1123 - Time: 0.0011s - Memory: 0.00MB
2025-10-21 12:10:31 - /Armis2/admin_branch/view_staff.php?id=1123 - Time: 0.0011s - Memory: 0.00MB
2025-10-21 12:11:45 - /Armis2/admin_branch/view_staff.php?id=1123 - Time: 0.0014s - Memory: 0.00MB
2025-10-21 12:11:56 - /Armis2/admin_branch/edit_staff.php - Time: 0.0042s - Memory: 0.00MB
2025-10-21 12:11:57 - /Armis2/admin_branch/view_staff.php?id=1123 - Time: 0.0007s - Memory: 0.00MB
2025-10-21 12:13:11 - /Armis2/admin_branch/view_staff.php?id=1123 - Time: 0.0009s - Memory: 0.00MB
2025-10-21 12:16:24 - /Armis2/admin_branch/view_staff.php?id=1123 - Time: 0.0010s - Memory: 0.00MB
2025-10-21 12:17:08 - /Armis2/admin_branch/view_staff.php?id=1123 - Time: 0.0013s - Memory: 0.00MB
2025-10-21 12:18:28 - /Armis2/admin_branch/view_staff.php?id=1123 - Time: 0.0013s - Memory: 0.00MB
2025-10-21 12:20:07 - /Armis2/admin_branch/view_staff.php?id=1123 - Time: 0.0013s - Memory: 0.00MB
2025-10-21 12:23:33 - /Armis2/admin_branch/view_staff.php?id=1123 - Time: 0.0012s - Memory: 0.00MB
2025-10-21 12:24:52 - /Armis2/admin_branch/view_staff.php?id=1123 - Time: 0.0014s - Memory: 0.00MB
2025-10-21 12:28:41 - /Armis2/admin_branch/view_staff.php?id=1123 - Time: 0.0010s - Memory: 0.00MB
2025-10-21 14:51:54 - /Armis2/admin_branch/view_staff.php?id=1123 - Time: 0.0107s - Memory: 0.00MB
2025-10-22 04:41:52 - /Armis2/admin_branch/view_staff.php?id=1123 - Time: 0.1909s - Memory: 0.00MB
2025-10-22 08:00:04 - /Armis2/admin_branch/edit_staff.php - Time: 0.0035s - Memory: 0.00MB
2025-10-22 08:00:14 - /Armis2/admin_branch/index.php - Time: 0.0011s - Memory: 0.00MB
2025-10-22 08:00:22 - /Armis2/admin_branch/index.php - Time: 0.0021s - Memory: 0.00MB
2025-10-22 08:00:24 - /Armis2/admin_branch/edit_staff.php - Time: 0.0034s - Memory: 0.00MB
2025-10-22 08:01:38 - /Armis2/admin_branch/delete_staff.php - Time: 0.0031s - Memory: 0.00MB
2025-10-22 08:02:06 - /Armis2/admin_branch/index.php - Time: 0.0012s - Memory: 0.00MB
2025-10-22 08:02:08 - /Armis2/admin_branch/edit_staff.php - Time: 0.0050s - Memory: 0.00MB
2025-10-22 08:02:32 - /Armis2/admin_branch/promote_staff.php - Time: 0.0010s - Memory: 0.00MB
2025-10-22 08:02:36 - /Armis2/admin_branch/appointments.php - Time: 0.0017s - Memory: 0.00MB
2025-10-22 08:02:39 - /Armis2/admin_branch/promote_staff.php - Time: 0.0011s - Memory: 0.00MB
2025-10-22 08:02:42 - /Armis2/admin_branch/promote_staff.php?action_type=promotion - Time: 0.0013s - Memory: 0.00MB
2025-10-22 08:02:48 - /Armis2/admin_branch/promote_staff.php?action_type=promotion&current_rank=4 - Time: 0.0021s - Memory: 0.00MB
2025-10-22 08:30:07 - /Armis2/admin_branch/edit_staff.php - Time: 0.0077s - Memory: 0.00MB
2025-10-22 09:00:37 - /Armis2/admin_branch/edit_staff.php - Time: 0.0029s - Memory: 0.00MB
2025-10-22 09:04:48 - /Armis2/admin_branch/edit_staff.php - Time: 0.0046s - Memory: 0.00MB
2025-10-22 09:04:50 - /Armis2/admin_branch/edit_staff.php - Time: 0.0046s - Memory: 0.00MB
2025-10-22 09:04:52 - /Armis2/admin_branch/edit_staff.php - Time: 0.0029s - Memory: 0.00MB
2025-10-22 09:07:36 - /Armis2/admin_branch/edit_staff.php - Time: 0.0060s - Memory: 0.00MB
2025-10-22 09:07:38 - /Armis2/admin_branch/edit_staff.php - Time: 0.0037s - Memory: 0.00MB
2025-10-22 09:07:40 - /Armis2/admin_branch/edit_staff.php - Time: 0.0044s - Memory: 0.00MB
2025-10-22 09:10:05 - /Armis2/admin_branch/edit_staff.php - Time: 0.0052s - Memory: 0.00MB
2025-10-22 09:10:08 - /Armis2/admin_branch/edit_staff.php - Time: 0.0054s - Memory: 0.00MB
2025-10-22 09:14:08 - /Armis2/admin_branch/edit_staff.php - Time: 0.0057s - Memory: 0.00MB
2025-10-22 09:16:21 - /Armis2/admin_branch/edit_staff.php - Time: 0.0049s - Memory: 0.00MB
2025-10-22 09:16:23 - /Armis2/admin_branch/edit_staff.php - Time: 0.0039s - Memory: 0.00MB
2025-10-22 09:17:16 - /Armis2/admin_branch/index.php - Time: 0.0022s - Memory: 0.00MB
2025-10-22 09:17:39 - /Armis2/admin_branch/edit_staff.php - Time: 0.0032s - Memory: 0.00MB
2025-10-22 09:30:13 - /Armis2/admin_branch/edit_staff.php - Time: 0.0053s - Memory: 0.00MB
2025-10-23 05:25:43 - /Armis2/admin_branch/edit_staff.php - Time: 0.0064s - Memory: 0.00MB
2025-10-23 05:25:46 - /Armis2/admin_branch/index.php - Time: 0.0012s - Memory: 0.00MB
2025-10-23 05:25:48 - /Armis2/admin_branch/edit_staff.php - Time: 0.0037s - Memory: 0.00MB
2025-10-23 05:25:49 - /Armis2/admin_branch/index.php - Time: 0.0008s - Memory: 0.00MB
2025-10-23 06:49:33 - /Armis2/admin_branch/index.php - Time: 0.0020s - Memory: 0.00MB
2025-10-23 13:30:56 - /Armis2/admin_branch/index.php - Time: 0.0014s - Memory: 0.00MB
2025-10-27 05:44:04 - /Armis2/admin_branch/index.php - Time: 0.0151s - Memory: 0.00MB
2025-10-27 06:16:59 - /Armis2/admin_branch/index.php - Time: 1.3089s - Memory: 0.00MB
2025-10-27 06:17:12 - /Armis2/admin_branch/index.php - Time: 0.0024s - Memory: 0.00MB
2025-10-27 07:17:38 - /Armis2/admin_branch/index.php - Time: 0.0010s - Memory: 0.00MB
2025-10-27 10:26:47 - /Armis2/admin_branch/index.php - Time: 0.0013s - Memory: 0.00MB
2025-10-27 10:26:51 - /Armis2/admin_branch/index.php - Time: 0.0010s - Memory: 0.00MB
2025-10-27 13:46:01 - /Armis2/admin_branch/index.php - Time: 0.0012s - Memory: 0.00MB
2025-10-27 13:48:03 - /Armis2/admin_branch/edit_staff.php - Time: 0.0108s - Memory: 0.00MB
2025-10-27 14:31:36 - /Armis2/admin_branch/index.php - Time: 0.0011s - Memory: 0.00MB
2025-10-27 14:31:46 - /Armis2/users/index.php - Time: 0.0012s - Memory: 0.00MB
2025-10-27 14:32:02 - /Armis2/users/settings.php - Time: 0.0014s - Memory: 0.00MB
2025-10-27 14:32:22 - /Armis2/ - Time: 0.0202s - Memory: 0.00MB
2025-10-27 14:32:25 - /Armis2/admin_branch/index.php - Time: 0.0008s - Memory: 0.00MB
2025-10-27 14:34:46 - /Armis2/admin_branch/promote_staff.php - Time: 0.0010s - Memory: 0.00MB
2025-10-27 14:34:50 - /Armis2/admin_branch/promote_staff.php?action_type=demotion - Time: 0.0023s - Memory: 0.00MB
2025-10-27 14:34:54 - /Armis2/admin_branch/promote_staff.php?action_type=demotion&current_rank=4 - Time: 0.0018s - Memory: 0.00MB
2025-10-27 14:35:08 - /Armis2/admin_branch/promote_staff.php?action_type=demotion&current_rank=4 - Time: 0.0019s - Memory: 0.00MB
2025-10-27 14:36:52 - /Armis2/admin_branch/promote_staff.php?action_type=demotion&current_rank=4 - Time: 0.0010s - Memory: 0.00MB
2025-10-27 14:37:15 - /Armis2/admin_branch/promote_staff.php - Time: 0.0008s - Memory: 0.00MB
2025-10-27 14:37:18 - /Armis2/admin_branch/promote_staff.php?action_type=demotion - Time: 0.0016s - Memory: 0.00MB
2025-10-27 14:37:21 - /Armis2/admin_branch/promote_staff.php?action_type=demotion&current_rank=4 - Time: 0.0008s - Memory: 0.00MB
2025-10-27 14:37:27 - /Armis2/admin_branch/promote_staff.php?action_type=demotion&current_rank=4 - Time: 0.0020s - Memory: 0.00MB
2025-10-28 05:00:52 - /Armis2/admin_branch/promote_staff.php?action_type=demotion&current_rank=4 - Time: 0.2494s - Memory: 0.00MB
2025-10-28 05:01:04 - /Armis2/admin_branch/index.php - Time: 0.0010s - Memory: 0.00MB
2025-10-28 05:01:06 - /Armis2/admin_branch/promote_staff.php - Time: 0.0007s - Memory: 0.00MB
2025-10-28 05:01:08 - /Armis2/admin_branch/promote_staff.php?action_type=demotion - Time: 0.0015s - Memory: 0.00MB
2025-10-28 05:01:11 - /Armis2/admin_branch/promote_staff.php?action_type=demotion&current_rank=4 - Time: 0.0009s - Memory: 0.00MB
2025-10-28 05:01:19 - /Armis2/admin_branch/promote_staff.php?current_rank=4&action_type=reversion - Time: 0.0009s - Memory: 0.00MB
2025-10-28 05:01:24 - /Armis2/admin_branch/promote_staff.php - Time: 0.0011s - Memory: 0.00MB
2025-10-28 05:01:26 - /Armis2/admin_branch/promote_staff.php?action_type=demotion - Time: 0.0014s - Memory: 0.00MB
2025-10-28 05:01:29 - /Armis2/admin_branch/promote_staff.php?action_type=demotion&current_rank=5 - Time: 0.0009s - Memory: 0.00MB
2025-10-28 05:01:34 - /Armis2/admin_branch/promote_staff.php?current_rank=5&action_type=reversion - Time: 0.0008s - Memory: 0.00MB
2025-10-28 05:01:36 - /Armis2/admin_branch/promote_staff.php - Time: 0.0010s - Memory: 0.00MB
2025-10-28 05:01:39 - /Armis2/admin_branch/promote_staff.php?action_type=demotion - Time: 0.0012s - Memory: 0.00MB
2025-10-28 05:01:42 - /Armis2/admin_branch/promote_staff.php?action_type=demotion&current_rank=6 - Time: 0.0008s - Memory: 0.00MB
2025-10-28 05:01:54 - /Armis2/admin_branch/promote_staff.php?current_rank=6&action_type=reversion - Time: 0.0009s - Memory: 0.00MB
2025-10-28 05:01:56 - /Armis2/admin_branch/promote_staff.php - Time: 0.0009s - Memory: 0.00MB
2025-10-28 05:01:58 - /Armis2/admin_branch/promote_staff.php?action_type=demotion - Time: 0.0016s - Memory: 0.00MB
2025-10-28 05:02:01 - /Armis2/admin_branch/promote_staff.php?action_type=demotion&current_rank=7 - Time: 0.0008s - Memory: 0.00MB
2025-10-28 05:02:06 - /Armis2/admin_branch/promote_staff.php?current_rank=7&action_type=reversion - Time: 0.0009s - Memory: 0.00MB
2025-10-28 05:02:09 - /Armis2/admin_branch/promote_staff.php - Time: 0.0011s - Memory: 0.00MB
2025-10-28 05:02:11 - /Armis2/admin_branch/promote_staff.php?action_type=demotion - Time: 0.0017s - Memory: 0.00MB
2025-10-28 05:02:14 - /Armis2/admin_branch/promote_staff.php?action_type=demotion&current_rank=7 - Time: 0.0012s - Memory: 0.00MB
2025-10-28 05:02:18 - /Armis2/admin_branch/promote_staff.php?action_type=demotion&current_rank=8 - Time: 0.0012s - Memory: 0.00MB
2025-10-28 05:02:23 - /Armis2/admin_branch/promote_staff.php?current_rank=8&action_type=reversion - Time: 0.0008s - Memory: 0.00MB
2025-10-28 05:02:25 - /Armis2/admin_branch/promote_staff.php - Time: 0.0011s - Memory: 0.00MB
2025-10-28 05:02:27 - /Armis2/admin_branch/promote_staff.php?action_type=demotion - Time: 0.0011s - Memory: 0.00MB
2025-10-28 05:02:30 - /Armis2/admin_branch/promote_staff.php?action_type=demotion&current_rank=9 - Time: 0.0009s - Memory: 0.00MB
2025-10-28 05:02:35 - /Armis2/admin_branch/promote_staff.php?current_rank=9&action_type=reversion - Time: 0.0009s - Memory: 0.00MB
2025-10-28 05:02:39 - /Armis2/admin_branch/promote_staff.php?action_type=reversion&current_rank=10 - Time: 0.0008s - Memory: 0.00MB
2025-10-28 05:02:50 - /Armis2/admin_branch/promote_staff.php?current_rank=10&action_type=reversion - Time: 0.0009s - Memory: 0.00MB
2025-10-28 05:02:53 - /Armis2/admin_branch/promote_staff.php?action_type=reversion&current_rank=11 - Time: 0.0007s - Memory: 0.00MB
2025-10-28 05:02:57 - /Armis2/admin_branch/promote_staff.php?current_rank=11&action_type=reversion - Time: 0.0010s - Memory: 0.00MB
2025-10-28 05:03:01 - /Armis2/admin_branch/promote_staff.php?action_type=reversion&current_rank=12 - Time: 0.0007s - Memory: 0.00MB
2025-10-28 05:03:07 - /Armis2/admin_branch/promote_staff.php?current_rank=12&action_type=reversion - Time: 0.0013s - Memory: 0.00MB
2025-10-28 05:03:16 - /Armis2/admin_branch/edit_staff.php - Time: 0.1210s - Memory: 0.00MB
2025-10-28 05:03:29 - /Armis2/admin_branch/promote_staff.php - Time: 0.0007s - Memory: 0.00MB
2025-10-28 05:03:31 - /Armis2/admin_branch/promote_staff.php?action_type=demotion - Time: 0.0011s - Memory: 0.00MB
2025-10-28 05:05:07 - /Armis2/admin_branch/edit_staff.php - Time: 0.0050s - Memory: 0.00MB
2025-10-28 05:13:54 - /Armis2/admin_branch/edit_staff.php - Time: 0.0031s - Memory: 0.00MB
2025-10-28 06:19:53 - /Armis2/admin_branch/edit_staff.php - Time: 0.0048s - Memory: 0.00MB
2025-10-28 06:27:15 - /Armis2/admin_branch/edit_staff.php - Time: 0.0044s - Memory: 0.00MB
2025-10-28 06:27:24 - /Armis2/admin_branch/edit_staff.php - Time: 0.0061s - Memory: 0.00MB
2025-10-28 07:44:29 - /Armis2/admin_branch/edit_staff.php - Time: 0.0022s - Memory: 0.00MB
2025-10-28 08:00:34 - /Armis2/admin_branch/edit_staff.php - Time: 0.0032s - Memory: 0.00MB
2025-10-28 08:01:20 - /Armis2/admin_branch/edit_staff.php - Time: 0.0068s - Memory: 0.00MB
2025-10-28 08:14:03 - /Armis2/admin_branch/edit_staff.php - Time: 0.0088s - Memory: 0.00MB
2025-10-28 08:29:14 - /Armis2/admin_branch/edit_staff.php - Time: 0.0063s - Memory: 0.00MB
2025-10-28 08:34:55 - /Armis2/admin_branch/edit_staff.php - Time: 0.0066s - Memory: 0.00MB
2025-10-28 08:36:34 - /Armis2/admin_branch/edit_staff.php - Time: 0.0069s - Memory: 0.00MB
2025-10-28 08:39:48 - /Armis2/admin_branch/edit_staff.php - Time: 0.0046s - Memory: 0.00MB
2025-10-28 08:41:46 - /Armis2/admin_branch/edit_staff.php - Time: 0.0071s - Memory: 0.00MB
2025-10-28 08:43:06 - /Armis2/admin_branch/edit_staff.php - Time: 0.0031s - Memory: 0.00MB
2025-10-28 08:48:40 - /Armis2/admin_branch/edit_staff.php - Time: 0.0049s - Memory: 0.00MB
2025-10-28 08:48:49 - /Armis2/admin_branch/index.php - Time: 0.0011s - Memory: 0.00MB
2025-10-28 08:49:00 - /Armis2/admin/index.php - Time: 0.0150s - Memory: 0.00MB
2025-10-28 08:49:04 - /Armis2/admin_branch/ - Time: 0.0009s - Memory: 0.00MB
2025-10-28 08:49:09 - /Armis2/admin_branch/edit_staff.php - Time: 0.0053s - Memory: 0.00MB
2025-10-28 08:50:07 - /Armis2/admin_branch/create_staff.php - Time: 0.0043s - Memory: 0.00MB
2025-10-28 08:52:02 - /Armis2/admin_branch/create_staff.php - Time: 0.0040s - Memory: 0.00MB
2025-10-28 08:53:44 - /Armis2/admin_branch/create_staff.php - Time: 0.0064s - Memory: 0.00MB
2025-10-28 08:57:00 - /Armis2/admin_branch/create_staff.php - Time: 0.0046s - Memory: 0.00MB
2025-10-28 09:11:00 - /Armis2/admin_branch/create_staff.php - Time: 0.0059s - Memory: 0.00MB
2025-10-28 09:11:47 - /Armis2/admin_branch/create_staff.php - Time: 0.0066s - Memory: 0.00MB
2025-10-28 09:15:42 - /Armis2/admin_branch/create_staff.php - Time: 0.0063s - Memory: 0.00MB
2025-10-28 09:16:05 - /Armis2/admin_branch/create_staff.php - Time: 0.0024s - Memory: 0.00MB
2025-10-28 09:16:21 - /Armis2/admin_branch/create_staff.php - Time: 0.0030s - Memory: 0.00MB
2025-10-28 09:16:29 - /Armis2/admin_branch/create_staff.php - Time: 0.0053s - Memory: 0.00MB
2025-10-28 09:18:18 - /Armis2/admin_branch/create_staff.php - Time: 0.0049s - Memory: 0.00MB
2025-10-28 09:20:05 - /Armis2/admin_branch/create_staff.php - Time: 0.0052s - Memory: 0.00MB
2025-10-28 09:20:13 - /Armis2/admin_branch/index.php - Time: 0.0011s - Memory: 0.00MB
2025-10-28 09:20:18 - /Armis2/admin/ - Time: 0.0012s - Memory: 0.00MB
2025-10-28 09:20:28 - /Armis2/admin/index.php - Time: 0.0029s - Memory: 0.00MB
2025-10-28 09:23:58 - /Armis2/admin/index.php - Time: 0.0018s - Memory: 0.00MB
2025-10-28 09:24:10 - /Armis2/admin_branch/ - Time: 0.0009s - Memory: 0.00MB
2025-10-28 09:24:37 - /Armis2/admin_branch/edit_staff.php - Time: 0.0068s - Memory: 0.00MB
2025-10-28 09:24:40 - /Armis2/admin_branch/delete_staff.php - Time: 0.0024s - Memory: 0.00MB
2025-10-28 09:24:44 - /Armis2/admin_branch/promote_staff.php - Time: 0.0009s - Memory: 0.00MB
2025-10-28 09:24:48 - /Armis2/admin_branch/promote_staff.php?action_type=promotion - Time: 0.0016s - Memory: 0.00MB
2025-10-28 09:25:02 - /Armis2/admin_branch/promote_staff.php?action_type=promotion&current_rank=13 - Time: 0.0011s - Memory: 0.00MB
2025-10-28 09:26:18 - /Armis2/admin_branch/promote_staff.php?action_type=promotion&current_rank=13 - Time: 0.0014s - Memory: 0.00MB
2025-10-28 09:26:21 - /Armis2/admin_branch/promote_staff.php?action_type=promotion&current_rank=12 - Time: 0.0014s - Memory: 0.00MB
2025-10-28 09:27:06 - /Armis2/admin_branch/promote_staff.php?action_type=promotion&current_rank=12 - Time: 0.0012s - Memory: 0.00MB
2025-10-28 09:27:11 - /Armis2/admin_branch/promote_staff.php?action_type=promotion&current_rank=11 - Time: 0.0016s - Memory: 0.00MB
2025-10-28 09:27:24 - /Armis2/admin_branch/promote_staff.php - Time: 0.0012s - Memory: 0.00MB
2025-10-28 09:27:26 - /Armis2/admin_branch/promote_staff.php?action_type=promotion - Time: 0.0012s - Memory: 0.00MB
2025-10-28 09:27:29 - /Armis2/admin_branch/promote_staff.php?action_type=promotion&current_rank=4 - Time: 0.0015s - Memory: 0.00MB
2025-10-28 09:29:07 - /Armis2/admin_branch/promote_staff.php?action_type=promotion&current_rank=4 - Time: 0.0010s - Memory: 0.00MB
2025-10-28 09:29:36 - /Armis2/admin_branch/promote_staff.php - Time: 0.0009s - Memory: 0.00MB
2025-10-28 09:29:40 - /Armis2/admin_branch/index.php - Time: 0.0009s - Memory: 0.00MB
2025-10-28 09:29:55 - /Armis2/admin_branch/create_staff.php - Time: 0.0050s - Memory: 0.00MB
2025-10-28 09:36:23 - /Armis2/admin_branch/index.php - Time: 0.0011s - Memory: 0.00MB
2025-10-28 09:47:04 - /Armis2/admin/index.php - Time: 0.0018s - Memory: 0.00MB
2025-10-28 09:47:12 - /Armis2/admin_branch/ - Time: 0.0009s - Memory: 0.00MB
2025-10-28 09:56:13 - /Armis2/admin_branch/create_staff.php - Time: 0.0030s - Memory: 0.00MB
2025-10-28 09:57:15 - /Armis2/admin/index.php - Time: 0.0019s - Memory: 0.00MB
2025-10-28 09:57:19 - /Armis2/admin/users.php - Time: 0.0008s - Memory: 0.00MB
2025-10-28 09:57:22 - /Armis2/admin_branch/ - Time: 0.0010s - Memory: 0.00MB
2025-10-28 09:57:24 - /Armis2/admin_branch/edit_staff.php - Time: 0.0034s - Memory: 0.00MB
2025-10-28 09:57:27 - /Armis2/admin_branch/create_staff.php - Time: 0.0040s - Memory: 0.00MB
2025-10-28 10:54:24 - /Armis2/admin/index.php - Time: 0.0032s - Memory: 0.00MB
2025-10-28 10:54:27 - /Armis2/admin_branch/ - Time: 0.0010s - Memory: 0.00MB
2025-10-28 12:14:13 - /Armis2/admin/index.php - Time: 0.0024s - Memory: 0.00MB
2025-10-28 12:17:40 - /Armis2/admin/ - Time: 0.0018s - Memory: 0.00MB
2025-10-28 12:17:45 - /Armis2/admin_branch/ - Time: 0.0010s - Memory: 0.00MB
2025-10-28 13:13:11 - /Armis2/admin_branch/ - Time: 0.0015s - Memory: 0.00MB
